register normalizers/yamysql
[[0,0.0,0.0],true]
normalize NormalizerYaMySQLSymbolPartofspeechHtml "**これは<b>テスト</b>データーです。" WITH_TYPES|WITH_CHECKS
[
  [
    0,
    0.0,
    0.0
  ],
  {
    "normalized": "これテストデーター",
    "types": [
      "hiragana",
      "unknown",
      "katakana",
      "katakana",
      "unknown",
      "katakana",
      "katakana",
      "katakana",
      "unknown"
    ],
    "checks": [
      5,
      0,
      0,
      3,
      0,
      0,
      9,
      0,
      0,
      3,
      0,
      0,
      3,
      0,
      0,
      7,
      0,
      0,
      3,
      0,
      0,
      3,
      0,
      0,
      3,
      0,
      0
    ]
  }
]
