register normalizers/yamysql
[[0,0.0,0.0],true]
normalize NormalizerYaMySQLSymbolPartofspeechHtml "**これは<b>テスト</b>データーです。" WITH_TYPES|WITH_CHECKS
[
  [
    0,
    0.0,
    0.0
  ],
  {
    "normalized": " これ テスト データー ",
    "types": [
      "unknown",
      "hiragana",
      "hiragana",
      "unknown",
      "katakana",
      "katakana",
      "katakana",
      "unknown",
      "katakana",
      "katakana",
      "katakana",
      "katakana",
      "unknown"
    ],
    "checks": [
      2,
      3,
      0,
      0,
      3,
      0,
      0,
      6,
      3,
      0,
      0,
      3,
      0,
      0,
      3,
      0,
      0,
      4,
      3,
      0,
      0,
      3,
      0,
      0,
      3,
      0,
      0,
      3,
      0,
      0,
      9
    ]
  }
]
