register normalizers/yamysql
[[0,0.0,0.0],true]
normalize NormalizerYaMySQLSymbolPartofspeechHtml "**これは<b>テスト</b>データーです。" WITH_TYPES|WITH_CHECKS
[
  [
    0,
    0.0,
    0.0
  ],
  {
    "normalized": "  これ    テスト    データー   ",
    "types": [
      "unknown",
      "unknown",
      "hiragana",
      "hiragana",
      "unknown",
      "unknown",
      "unknown",
      "unknown",
      "katakana",
      "katakana",
      "katakana",
      "unknown",
      "unknown",
      "unknown",
      "unknown",
      "katakana",
      "katakana",
      "katakana",
      "katakana",
      "unknown",
      "unknown",
      "unknown"
    ],
    "checks": [
      1,
      1,
      3,
      0,
      0,
      3,
      0,
      0,
      3,
      1,
      1,
      1,
      3,
      0,
      0,
      3,
      0,
      0,
      3,
      0,
      0,
      1,
      1,
      1,
      1,
      3,
      0,
      0,
      3,
      0,
      0,
      3,
      0,
      0,
      3,
      0,
      0,
      3,
      3,
      3
    ]
  }
]
