register normalizers/yamysql
[[0,0.0,0.0],true]
normalize NormalizerYaMySQL "ぁあぃいぅうぇえぉおかがきぎくぐけげこごさざしじすずせぜそぞただちぢっつづてでとどなにぬねのはばぱひびぴふぶぷへべぺほぼぽまみむめもゃやゅゆょよらりるれろゎわゐゑをん"
[
  [
    0,
    0.0,
    0.0
  ],
  {
    "normalized": "ぁあぃいうぇええぉおかがきぎくぐけげこごさざしじすずせぜそぞただちじっつずてでとどなにぬねのはばぱひびぴふぶぷへべぺほぼぽまみむめもゃやゅゆょよらりるれろゎわいえをん",
    "types": [

    ],
    "checks": [

    ]
  }
]
