register normalizers/yamysql
[[0,0.0,0.0],true]
table_create remove_phrases TABLE_PAT_KEY ShortText
[[0,0.0,0.0],true]
load --table remove_phrases
[
{"_key": "<remove_html>"}
]
[[0,0.0,0.0],1]
normalize NormalizerYaMySQL "<p>これは<b>テスト</b>です。</p>" WITH_TYPES|WITH_CHECKS
[
  [
    0,
    0.0,
    0.0
  ],
  {
    "normalized": "これはテストです。",
    "types": [
      "hiragana",
      "hiragana",
      "hiragana",
      "katakana",
      "katakana",
      "katakana",
      "hiragana",
      "hiragana",
      "symbol"
    ],
    "checks": [
      6,
      0,
      0,
      3,
      0,
      0,
      3,
      0,
      0,
      6,
      0,
      0,
      3,
      0,
      0,
      3,
      0,
      0,
      7,
      0,
      0,
      3,
      0,
      0,
      3,
      0,
      0
    ]
  }
]
