register normalizers/yamysql
[[0,0.0,0.0],true]
table_create remove_phrases TABLE_PAT_KEY ShortText
[[0,0.0,0.0],true]
load --table remove_phrases
[
{"_key": "<remove_html>"}
]
[[0,0.0,0.0],1]
normalize NormalizerYaMySQLRemovePhrase "<p>これは<b<a>テスト<b>です。</p>これは>片側<テストです。" WITH_TYPES|WITH_CHECKS
[
  [
    0,
    0.0,
    0.0
  ],
  {
    "normalized": "これは<Bテストです。これは>片側<テストです。",
    "types": [
      "hiragana",
      "hiragana",
      "hiragana",
      "symbol",
      "alpha",
      "katakana",
      "katakana",
      "katakana",
      "hiragana",
      "hiragana",
      "symbol",
      "hiragana",
      "hiragana",
      "hiragana",
      "symbol",
      "kanji",
      "kanji",
      "symbol",
      "katakana",
      "katakana",
      "katakana",
      "hiragana",
      "hiragana",
      "symbol",
      "null"
    ],
    "checks": [
      6,
      0,
      0,
      3,
      0,
      0,
      3,
      0,
      0,
      1,
      1,
      6,
      0,
      0,
      3,
      0,
      0,
      3,
      0,
      0,
      6,
      0,
      0,
      3,
      0,
      0,
      3,
      0,
      0,
      7,
      0,
      0,
      3,
      0,
      0,
      3,
      0,
      0,
      1,
      3,
      0,
      0,
      3,
      0,
      0,
      1,
      3,
      0,
      0,
      3,
      0,
      0,
      3,
      0,
      0,
      3,
      0,
      0,
      3,
      0,
      0,
      3,
      0,
      0
    ]
  }
]
