register normalizers/yamysql
[[0,0.0,0.0],true]
normalize NormalizerYaMySQLHtml "<p>これは<b>テスト</b>です。</p>" WITH_TYPES|WITH_CHECKS
[
  [
    0,
    0.0,
    0.0
  ],
  {
    "normalized": " これは テスト です。 ",
    "types": [
      "null",
      "hiragana",
      "hiragana",
      "hiragana",
      "null",
      "katakana",
      "katakana",
      "katakana",
      "null",
      "hiragana",
      "hiragana",
      "symbol",
      "null"
    ],
    "checks": [
      3,
      3,
      0,
      0,
      3,
      0,
      0,
      3,
      0,
      0,
      3,
      3,
      0,
      0,
      3,
      0,
      0,
      3,
      0,
      0,
      4,
      3,
      0,
      0,
      3,
      0,
      0,
      3,
      0,
      0,
      4
    ]
  }
]
