register normalizers/yamysql
[[0,0.0,0.0],true]
normalize NormalizerYaMySQL "ァアィイゥウエォオカガキギクグケゲコゴサザシジスズセゼソゾタダチヂッツヅテデトドナニヌネノハバパヒビピフブプヘベペホボポマミムメモャヤュユョヨラリルレロヮワヰヱヲンヴヵヶｧｱｨｲｩｳｴｫｵｶｶﾞｷｷﾞｸｸﾞｹｹﾞｺｺﾞｻｻﾞｼｼﾞｽｽﾞｾｾﾞｿｿﾞﾀﾀﾞﾁﾁﾞｯﾂﾂﾞﾃﾃﾞﾄﾄﾞﾅﾆﾇﾈﾉﾊﾊﾞﾊﾟﾋﾋﾞﾋﾟﾌﾌﾞﾌﾟﾍﾍﾞﾍﾟﾎﾎﾞﾎﾟﾏﾐﾑﾒﾓｬﾔｭﾕｮﾖﾗﾘﾙﾚﾛﾜｦﾝ"
[
  [
    0,
    0.0,
    0.0
  ],
  {
    "normalized": "ァアィイゥウエォオカガキギクグケゲコゴサザシジスズセゼソゾタダチヂッツヅテデトドナニヌネノハバパヒビピフブプヘベペホボポマミムメモャヤユユョヨラリルレロヮワヰヱヲンヴカケァアィイゥウエォオカガキギクグケゲコゴサザシジスズセゼソゾタダチジッツズテデトドナニヌネノハバパヒビピフブプヘベペホボポマミムメモャヤュユョヨラリルレロワヲン",
    "types": [

    ],
    "checks": [

    ]
  }
]
