register normalizers/yamysql
[[0,0.0,0.0],true]
normalize NormalizerYaMySQL "ァアィイゥウエォオカガキギクグケゲコゴサザシジスズセゼソゾタダチヂッツヅテデトドナニヌネノハバパヒビピフブプヘベペホボポマミムメモャヤュユョヨラリルレロヮワヰヱヲンヴヵヶｧｱｨｲｩｳｴｫｵｶｶﾞｷｷﾞｸｸﾞｹｹﾞｺｺﾞｻｻﾞｼｼﾞｽｽﾞｾｾﾞｿｿﾞﾀﾀﾞﾁﾁﾞｯﾂﾂﾞﾃﾃﾞﾄﾄﾞﾅﾆﾇﾈﾉﾊﾊﾞﾊﾟﾋﾋﾞﾋﾟﾌﾌﾞﾌﾟﾍﾍﾞﾍﾟﾎﾎﾞﾎﾟﾏﾐﾑﾒﾓｬﾔｭﾕｮﾖﾗﾘﾙﾚﾛﾜｦﾝ"
[
  [
    0,
    0.0,
    0.0
  ],
  {
    "normalized": "ァアィイゥウエォオカガキギクグケゲコゴサザシジスズセゼソゾタダチジッツズテデトドナニヌネノハバパヒビピフブプヘベペホボポマミムメモャヤュユョヨラリルレロヮワイエヲンブカケァアィイゥウエォオカガキギクグケゲコゴサザシジスズセゼソゾタダチジッツズテデトドナニヌネノハバパヒビピフブプヘベペホボポマミムメモャヤュユョヨラリルレロワヲン",
    "types": [

    ],
    "checks": [

    ]
  }
]
