register normalizers/yamysql
[[0,0.0,0.0],true]
table_create remove_phrases TABLE_PAT_KEY ShortText
[[0,0.0,0.0],true]
load --table remove_phrases
[
{"_key": "の"}
]
[[0,0.0,0.0],1]
table_create text TABLE_NO_KEY
[[0,0.0,0.0],true]
column_create text text COLUMN_SCALAR LongText
[[0,0.0,0.0],true]
tokenize TokenBigram "時代の歌人" NormalizerYaMySQL --mode ADD
[
  [
    0,
    0.0,
    0.0
  ],
  [
    {
      "value": "時代",
      "position": 0,
      "force_prefix": false
    },
    {
      "value": "代歌",
      "position": 1,
      "force_prefix": false
    },
    {
      "value": "歌人",
      "position": 2,
      "force_prefix": false
    },
    {
      "value": "人",
      "position": 3,
      "force_prefix": false
    }
  ]
]
tokenize TokenBigram "時代の歌人" NormalizerYaMySQL --mode GET
[
  [
    0,
    0.0,
    0.0
  ],
  [
    {
      "value": "時代",
      "position": 0,
      "force_prefix": false
    },
    {
      "value": "代歌",
      "position": 1,
      "force_prefix": false
    },
    {
      "value": "歌人",
      "position": 2,
      "force_prefix": false
    }
  ]
]
normalize NormalizerYaMySQL "時代の歌人" WITH_TYPES|WITH_CHECKS
[
  [
    0,
    0.0,
    0.0
  ],
  {
    "normalized": "時代歌人",
    "types": [
      "kanji",
      "kanji",
      "kanji",
      "kanji"
    ],
    "checks": [
      3,
      0,
      0,
      3,
      0,
      0,
      6,
      0,
      0,
      3,
      0,
      0
    ]
  }
]
load --table text
[
["text"],
["時代の歌人"],
["時代 歌人"],
["時代歌人"]
]
[[0,0.0,0.0],3]
table_create text-text TABLE_PAT_KEY --key_type ShortText --default_tokenizer TokenBigram --normalizer NormalizerYaMySQL
[[0,0.0,0.0],true]
column_create text-text index COLUMN_INDEX|WITH_POSITION text text
[[0,0.0,0.0],true]
select text --match_columns text --query '時代の歌' --output_columns _key,title,text --limit -1 --match_escalation_threshold -1
[
  [
    0,
    0.0,
    0.0
  ],
  [
    [
      [
        2
      ],
      [
        [
          "text",
          "LongText"
        ]
      ],
      [
        "時代の歌人"
      ],
      [
        "時代歌人"
      ]
    ]
  ]
]
