register normalizers/yamysql
[[0,0.0,0.0],true]
table_create remove_phrases TABLE_PAT_KEY ShortText
[[0,0.0,0.0],true]
load --table remove_phrases
[
{"_key": "<remove_symbol>"}
]
[[0,0.0,0.0],1]
normalize NormalizerYaMySQL "ヴァ(米" REMOVE_BLANK|WITH_TYPES|WITH_CHECKS
[
  [
    0,
    0.0,
    0.0
  ],
  {
    "normalized": "バ米",
    "types": [
      "katakana",
      "kanji"
    ],
    "checks": [
      6,
      0,
      0,
      4,
      0,
      0
    ]
  }
]
