register normalizers/yamysql
[[0,0.0,0.0],true]
table_create @yamysql_stopwords TABLE_HASH_KEY ShortText
[[0,0.0,0.0],true]
load --table @yamysql_stopwords
[
{"_key": "テスト"}
]
[[0,0.0,0.0],1]
normalize NormalizerYaMySQL "これはテストです。" WITH_TYPES|WITH_CHECKS
[
  [
    0,
    0.0,
    0.0
  ],
  {
    "normalized": "これは   です。",
    "types": [
      "hiragana",
      "hiragana",
      "hiragana",
      "unknown",
      "unknown",
      "unknown",
      "hiragana",
      "hiragana",
      "symbol"
    ],
    "checks": [
      3,
      0,
      0,
      3,
      0,
      0,
      3,
      0,
      0,
      3,
      3,
      3,
      3,
      0,
      0,
      3,
      0,
      0,
      3,
      0,
      0
    ]
  }
]
