register normalizers/yamysql
[[0,0.0,0.0],true]
table_create remove_phrases TABLE_PAT_KEY ShortText
[[0,0.0,0.0],true]
load --table remove_phrases
[
{"_key": "<remove_symbol>"}
]
[[0,0.0,0.0],1]
normalize NormalizerYaMySQL "<p>これは<b>テスト</b>です。</p>" WITH_TYPES|WITH_CHECKS
[
  [
    0,
    0.0,
    0.0
  ],
  {
    "normalized": " p これは b テスト b です p ",
    "types": [
      "null",
      "alpha",
      "null",
      "hiragana",
      "hiragana",
      "hiragana",
      "null",
      "alpha",
      "null",
      "katakana",
      "katakana",
      "katakana",
      "null",
      "alpha",
      "null",
      "hiragana",
      "hiragana",
      "null",
      "alpha",
      "null"
    ],
    "checks": [
      1,
      1,
      1,
      3,
      0,
      0,
      3,
      0,
      0,
      3,
      0,
      0,
      1,
      1,
      1,
      3,
      0,
      0,
      3,
      0,
      0,
      3,
      0,
      0,
      2,
      1,
      1,
      3,
      0,
      0,
      3,
      0,
      0,
      5,
      1,
      1
    ]
  }
]
