register normalizers/yamysql
[[0,0.0,0.0],true]
normalize NormalizerYaMySQLSymbol "<p>これは<b>テスト</b>です。</p>" WITH_TYPES|WITH_CHECKS
[
  [
    0,
    0.0,
    0.0
  ],
  {
    "normalized": " P これは B テスト B です P ",
    "types": [
      "unknown",
      "alpha",
      "unknown",
      "hiragana",
      "hiragana",
      "hiragana",
      "unknown",
      "alpha",
      "unknown",
      "katakana",
      "katakana",
      "katakana",
      "unknown",
      "alpha",
      "unknown",
      "hiragana",
      "hiragana",
      "unknown",
      "alpha",
      "unknown"
    ],
    "checks": [
      1,
      1,
      1,
      3,
      0,
      0,
      3,
      0,
      0,
      3,
      0,
      0,
      1,
      1,
      1,
      3,
      0,
      0,
      3,
      0,
      0,
      3,
      0,
      0,
      2,
      1,
      1,
      3,
      0,
      0,
      3,
      0,
      0,
      5,
      1,
      1
    ]
  }
]
