register normalizers/yamysql
[[0,0.0,0.0],true]
table_create remove_phrases TABLE_PAT_KEY ShortText
[[0,0.0,0.0],true]
load --table remove_phrases
[
{"_key": "<remove_symbol>"}
]
[[0,0.0,0.0],1]
normalize NormalizerYaMySQLRemovePhrase "<p>これは<b>テスト</b>です。</p>" WITH_TYPES|WITH_CHECKS
[
  [
    0,
    0.0,
    0.0
  ],
  {
    "normalized": "pこれはbテストbですp",
    "types": [
      "alpha",
      "hiragana",
      "hiragana",
      "hiragana",
      "alpha",
      "katakana",
      "katakana",
      "katakana",
      "alpha",
      "hiragana",
      "hiragana",
      "alpha"
    ],
    "checks": [
      2,
      4,
      0,
      0,
      3,
      0,
      0,
      3,
      0,
      0,
      2,
      4,
      0,
      0,
      3,
      0,
      0,
      3,
      0,
      0,
      3,
      4,
      0,
      0,
      3,
      0,
      0,
      6
    ]
  }
]
