register normalizers/yamysql
[[0,0.0,0.0],true]
normalize NormalizerYaMySQLUnicodeCI "ぁあぃいぅうぇえぉおかがきぎくぐけげこごさざしじすずせぜそぞただちぢっつづてでとどなにぬねのはばぱひびぴふぶぷへべぺほぼぽまみむめもゃやゅゆょよらりるれろゎわゐゑをん"
[
  [
    0,
    0.0,
    0.0
  ],
  {
    "normalized": "ああいいううええおおかがきぎくぐけげこごさざしじすずせぜそぞただちじつつずてでとどなにぬねのはばぱひびぴふぶぷへべぺほぼぽまみむめもややゆゆよよらりるれろわわいえをん",
    "types": [

    ],
    "checks": [

    ]
  }
]
