register normalizers/yamysql
[[0,0.0,0.0],true]
normalize NormalizerYaMySQLUnicodeCI "高髙崎﨑亜亞悪惡圧壓囲圍医醫為爲壱壹隠隱栄榮営營衛衞駅驛円圓塩鹽艶艷応應欧歐殴毆桜櫻奥奧横橫穏穩仮假価價画畫会會絵繪壊壞懐懷拡擴殻殼覚覺学學岳嶽楽樂缶罐巻卷陥陷勧勸寛寬関關歓歡観觀気氣帰歸亀龜偽僞戯戲犠犧旧舊拠據挙擧峡峽挟挾狭狹郷鄕暁曉区區駆驅勲勳薫薰径徑茎莖恵惠渓溪経經蛍螢軽輕継繼鶏鷄芸藝欠缺県縣倹儉剣劍険險圏圈検檢献獻権權顕顯験驗厳嚴広廣効效恒恆鉱鑛号號国國黒黑砕碎済濟斎齋剤劑雑雜参參桟棧蚕蠶惨慘賛贊残殘糸絲歯齒児兒辞辭湿濕実實写寫釈釋寿壽収收従從渋澁獣獸縦縱粛肅処處緒緖諸諸叙敍将將祥祥称稱焼燒証證奨奬条條乗乘浄淨剰剩畳疊縄繩壌壤嬢孃譲讓醸釀触觸嘱囑神神真眞寝寢慎愼尽盡図圖粋粹酔醉穂穗随隨髄髓枢樞数數瀬瀨声聲斉齊静靜窃竊摂攝専專浅淺戦戰践踐銭錢潜潛繊纖禅禪双雙壮壯争爭荘莊捜搜挿插曽曾装裝総總騒騷増增蔵藏臓臟属屬続續堕墮対對体體帯帶滞滯台臺滝瀧択擇沢澤担擔単單胆膽団團断斷弾彈遅遲痴癡虫蟲昼晝鋳鑄庁廳聴聽勅敕鎮鎭塚塚逓遞鉄鐵点點転轉伝傳都都灯燈当當党黨盗盜稲稻徳德独獨読讀届屆弐貳悩惱脳腦覇霸拝拜廃廢売賣麦麥発發髪髮抜拔蛮蠻秘祕浜濱瓶甁福福払拂仏佛並竝餅餠辺邊辺邉変變弁辨弁瓣弁辯宝寶豊豐褒襃翻飜万萬満滿黙默弥彌訳譯薬藥与與予豫余餘誉譽揺搖様樣謡謠来來頼賴乱亂覧覽竜龍隆隆両兩猟獵緑綠塁壘礼禮励勵霊靈齢齡恋戀炉爐労勞郎郞朗朗楼樓湾灣亘亙凜凛尭堯巌巖晃晄桧檜槙槇猪猪祢禰禄祿穣穰萌萠遥遙亜亞悪惡為爲栄榮衛衞円圓園薗応應桜櫻奥奧横橫価價壊壞懐懷楽樂巻卷陥陷寛寬気氣偽僞戯戲峡峽狭狹暁曉駆駈勲勳薫薰恵惠鶏鷄芸藝県縣倹儉剣劍険險圏圈検檢顕顯験驗厳嚴広廣恒恆国國黒黑砕碎雑雜児兒湿濕実實寿壽収收従從渋澁獣獸縦縱緒緖諸諸叙敍将將祥祥焼燒奨奬条條乗乘浄淨剰剩畳疊嬢孃譲讓醸釀神神真眞寝寢慎愼尽盡粋粹酔醉穂穗瀬瀨斉齊静靜摂攝専專戦戰繊纖禅禪壮壯争爭荘莊捜搜曽曾装裝騒騷増增蔵藏臓臟帯帶滞滯滝瀧単單団團弾彈昼晝鋳鑄庁廳聴聽鎮鎭転轉伝傳都都島嶋灯燈盗盜稲稻徳德拝拜杯盃売賣髪髮抜拔秘祕富冨福福払拂仏佛峰峯翻飜万萬黙默野埜弥彌薬藥与與揺搖様樣謡謠来來頼賴覧覽竜龍涼凉緑綠塁壘礼禮郎郞朗朗"
[
  [
    0,
    0.0,
    0.0
  ],
  {
    "normalized": "高高崎崎亜亜悪悪圧圧囲囲医億為為壱一隠隠栄栄営営衛衛駅駅円元塩塩艶艶応応欧欧殴殴桜桜奥奥横横穏穏仮仮価価画画会会絵絵壊壊懐懐拡拡殻殻覚覚学教岳岳楽楽缶缶巻巻陥陥勧勧寛完関関歓歓観観気気帰帰亀亀偽偽戯戯犠犠旧旧拠劇挙挙峡峡挟挟狭狭郷郷暁暁区区駆駆勲勲薫薫径径茎茎恵恵渓渓経経蛍蛍軽軽継継鶏鶏芸芸欠欠県県倹倹剣剣険険圏圏検検献献権権顕顕験験厳厳広広効効恒宣鉱鉱号号国国黒黒砕砕済済斎斎剤剤雑雑参参桟桟蚕蚕惨惨賛賛残残糸糸歯歯児児辞司湿湿実実写写釈釈寿寿収収従従渋渋獣狩縦縦粛粛処処緒緒諸諸叙叙将将祥祥称称焼焼証証奨奨条条乗乗浄浄剰剰畳迭縄縄壌壌嬢娘譲譲醸醸触触嘱嘱神神真真寝寝慎慎尽尽図図粋粋酔酔穂穂随随髄髄枢枢数数瀬瀬声声斉斉静静窃窃摂摂専専浅浅戦戦践践銭銭潜潜繊繊禅禅双双壮壮争争荘荘捜捜挿挿曽曽装装総総騒騒増増蔵蔵臓臓属属続続堕堕対対体体帯帯滞滞台台滝滝択択沢途担担単単胆胆団団断断弾弾遅遅痴痴虫虫昼昼鋳鋳庁庁聴聴勅策鎮鎮塚塚逓逝鉄鉄点点転転伝伝都都灯灯当当党党盗盗稲稲徳徳独独読読届届弐二悩悩脳脳覇伯拝拝廃廃売売麦麦発発髪髪抜抜蛮蛮秘秘浜頻瓶瓶福福払払仏仏並並餅餅辺辺辺辺変変弁弁弁弁弁弁宝宝豊豊褒褒翻翻万万満満黙墨弥弥訳訳薬薬与与予余余余誉誉揺揺様様謡謡来来頼頼乱乱覧覧竜竜隆隆両両猟猟緑緑塁塁礼豊励励霊霊齢齢恋恋炉炉労労郎郎朗朗楼楼湾湾宣宣凜凜尭尭巌岩晃晃桧桧槙槙猪猪禰禰禄禄穣穣萌萌遥遥亜亜悪悪為為栄栄衛衛円元園園応応桜桜奥奥横横価価壊壊懐懐楽楽巻巻陥陥寛完気気偽偽戯戯峡峡狭狭暁暁駆駆勲勲薫薫恵恵鶏鶏芸芸県県倹倹剣剣険険圏圏検検顕顕験験厳厳広広恒宣国国黒黒砕砕雑雑児児湿湿実実寿寿収収従従渋渋獣狩縦縦緒緒諸諸叙叙将将祥祥焼焼奨奨条条乗乗浄浄剰剰畳迭嬢娘譲譲醸醸神神真真寝寝慎慎尽尽粋粋酔酔穂穂瀬瀬斉斉静静摂摂専専戦戦繊繊禅禅壮壮争争荘荘捜捜曽曽装装騒騒増増蔵蔵臓臓帯帯滞滞滝滝単単団団弾弾昼昼鋳鋳庁庁聴聴鎮鎮転転伝伝都都島島灯灯盗盗稲稲徳徳拝拝杯杯売売髪髪抜抜秘秘富富福福払払仏仏峰封翻翻万万黙墨野野弥弥薬薬与与揺揺様様謡謡来来頼頼覧覧竜竜涼涼緑緑塁塁礼豊郎郎朗朗",
    "types": [

    ],
    "checks": [

    ]
  }
]
