register normalizers/yamysql
[[0,0.0,0.0],true]
normalize NormalizerYaMySQLUnicodeCI "ァアィイゥウエォオカガキギクグケゲコゴサザシジスズセゼソゾタダチヂッツヅテデトドナニヌネノハバパヒビピフブプヘベペホボポマミムメモャヤュユョヨラリルレロヮワヰヱヲンヴヵヶｧｱｨｲｩｳｴｫｵｶｶﾞｷｷﾞｸｸﾞｹｹﾞｺｺﾞｻｻﾞｼｼﾞｽｽﾞｾｾﾞｿｿﾞﾀﾀﾞﾁﾁﾞｯﾂﾂﾞﾃﾃﾞﾄﾄﾞﾅﾆﾇﾈﾉﾊﾊﾞﾊﾟﾋﾋﾞﾋﾟﾌﾌﾞﾌﾟﾍﾍﾞﾍﾟﾎﾎﾞﾎﾟﾏﾐﾑﾒﾓｬﾔｭﾕｮﾖﾗﾘﾙﾚﾛﾜｦﾝ"
[
  [
    0,
    0.0,
    0.0
  ],
  {
    "normalized": "アアイイウウエオオカガキギクグケゲコゴサザシジスズセゼソゾタダチジツツズテデトドナニヌネノハバパヒビピフブプヘベペホボポマミムメモヤヤユユヨヨラリルレロワワイエヲンブカケアアイイウウエオオカガキギクグケゲコゴサザシジスズセゼソゾタダチジツツズテデトドナニヌネノハバパヒビピフブプヘベペホボポマミムメモヤヤユユヨヨラリルレロワヲン",
    "types": [

    ],
    "checks": [

    ]
  }
]
