register normalizers/yamysql
[[0,0.0,0.0],true]
normalize NormalizerYaMySQLKanaCI "ぁあぃいぅうぇえぉおかがきぎくぐけげこごさざしじすずせぜそぞただちぢっつづてでとどなにぬねのはばぱひびぴふぶぷへべぺほぼぽまみむめもゃやゅゆょよらりるれろゎわゐゑをん"
[
  [
    0,
    0.0,
    0.0
  ],
  {
    "normalized": "ああいいううええおおかがきぎくぐけげこごさざしじすずせぜそぞただちぢつつづてでとどなにぬねのはばぱひびぴふぶぷへべぺほぼぽまみむめもややゆゆよよらりるれろわわゐゑをん",
    "types": [

    ],
    "checks": [

    ]
  }
]
