register normalizers/yamysql
[[0,0.0,0.0],true]
normalize NormalizerYaMySQLKanaCI "ァアィイゥウエォオカガキギクグケゲコゴサザシジスズセゼソゾタダチヂッツヅテデトドナニヌネノハバパヒビピフブプヘベペホボポマミムメモャヤュユョヨラリルレロヮワヰヱヲンヴヵヶｧｱｨｲｩｳｴｫｵｶｶﾞｷｷﾞｸｸﾞｹｹﾞｺｺﾞｻｻﾞｼｼﾞｽｽﾞｾｾﾞｿｿﾞﾀﾀﾞﾁﾁﾞｯﾂﾂﾞﾃﾃﾞﾄﾄﾞﾅﾆﾇﾈﾉﾊﾊﾞﾊﾟﾋﾋﾞﾋﾟﾌﾌﾞﾌﾟﾍﾍﾞﾍﾟﾎﾎﾞﾎﾟﾏﾐﾑﾒﾓｬﾔｭﾕｮﾖﾗﾘﾙﾚﾛﾜｦﾝ"
[
  [
    0,
    0.0,
    0.0
  ],
  {
    "normalized": "アアイイウウエオオカガキギクグケゲコゴサザシジスズセゼソゾタダチヂツツヅテデトドナニヌネノハバパヒビピフブプヘベペホボポマミムメモヤヤユユヨヨラリルレロワワヰヱヲンヴカケアアイイウウエオオカガキギクグケゲコゴサザシジスズセゼソゾタダチジツツズテデトドナニヌネノハバパヒビピフブプヘベペホボポマミムメモヤヤユユヨヨラリルレロワヲン",
    "types": [

    ],
    "checks": [

    ]
  }
]
