register normalizers/yamysql
[[0,0.0,0.0],true]
table_create remove_phrases TABLE_PAT_KEY ShortText
[[0,0.0,0.0],true]
load --table remove_phrases
[
{"_key": "<remove_symbol>"}
]
[[0,0.0,0.0],1]
normalize NormalizerYaMySQLRemovePhrase "データ+ベース" WITH_TYPES|WITH_CHECKS
[
  [
    0,
    0.0,
    0.0
  ],
  {
    "normalized": "データベース",
    "types": [
      "katakana",
      "katakana",
      "katakana",
      "katakana",
      "katakana",
      "katakana"
    ],
    "checks": [
      3,
      0,
      0,
      3,
      0,
      0,
      3,
      0,
      0,
      4,
      0,
      0,
      3,
      0,
      0,
      3,
      0,
      0
    ]
  }
]
table_create Entries TABLE_NO_KEY
[[0,0.0,0.0],true]
column_create Entries content COLUMN_SCALAR ShortText
[[0,0.0,0.0],true]
table_create Tokens TABLE_PAT_KEY ShortText --default_tokenizer TokenBigram --normalizer NormalizerYaMySQL
[[0,0.0,0.0],true]
column_create Tokens entries_content COLUMN_INDEX|WITH_POSITION Entries content
[[0,0.0,0.0],true]
load --table Entries
[
{"content": "データ+ベース"}
]
[[0,0.0,0.0],1]
select Entries   --output_columns 'snippet(content,   "データ-ベース",  "<span class=\\"w1\\">", "</span>", {"normalizer": "NormalizerYaMySQLRemovePhrase"}), content'   --command_version 2   --match_columns 'content'   --query "データ-ベース"
[[0,0.0,0.0],[[[0],[["snippet",null],["content","ShortText"]]]]]
