register normalizers/yamysql
[[0,0.0,0.0],true]
table_create Entries TABLE_NO_KEY
[[0,0.0,0.0],true]
column_create Entries title COLUMN_SCALAR ShortText
[[0,0.0,0.0],true]
column_create Entries content COLUMN_SCALAR ShortText
[[0,0.0,0.0],true]
table_create Tokens TABLE_PAT_KEY ShortText --default_tokenizer TokenBigram --normalizer NormalizerYaMySQL
[[0,0.0,0.0],true]
column_create Tokens entries_title COLUMN_INDEX|WITH_POSITION Entries title
[[0,0.0,0.0],true]
column_create Tokens entries_content COLUMN_INDEX|WITH_POSITION Entries content
[[0,0.0,0.0],true]
load --table Entries
[
{"title": "ヴァイオリン", "content": "このヴァイオリンは壊れている"}
]
[[0,0.0,0.0],1]
select Entries   --output_columns 'title, snippet(content,   "バイオリン", "<span class=\\"w1\\">", "</span>", {"normalizer": "NormalizerYaMySQL"}), content'   --command_version 2   --match_columns 'content'   --query "バイオリン"
[
  [
    0,
    0.0,
    0.0
  ],
  [
    [
      [
        1
      ],
      [
        [
          "title",
          "ShortText"
        ],
        [
          "snippet",
          null
        ],
        [
          "content",
          "ShortText"
        ]
      ],
      [
        "ヴァイオリン",
        [
          "この<span class=\"w1\">ヴァイオリン</span>は壊れている"
        ],
        "このヴァイオリンは壊れている"
      ]
    ]
  ]
]
